Using CPython 3.12.13 interpreter at: /home/jules/.pyenv/versions/3.12.13/bin/python3
Creating virtual environment at: .venv
Downloading pandas (11.8MiB)
Downloading kiwisolver (1.4MiB)
Downloading streamlit (9.7MiB)
Downloading pydeck (6.6MiB)
Downloading numpy (15.8MiB)
Downloading pyarrow (40.8MiB)
Downloading fonttools (4.7MiB)
Downloading matplotlib (8.3MiB)
Downloading pillow (6.7MiB)
 Downloaded kiwisolver
 Downloaded pydeck
 Downloaded pillow
 Downloaded fonttools
 Downloaded matplotlib
 Downloaded streamlit
 Downloaded numpy
 Downloaded pyarrow
 Downloaded pandas
Installed 44 packages in 127ms

Collecting usage statistics. To deactivate, set browser.gatherUsageStats to false.

2026-04-06 23:12:19.089 Did not auto detect external IP.
Please go to https://docs.streamlit.io/ for debugging hints.

  You can now view your Streamlit app in your browser.

  Local URL: http://localhost:8501
  Network URL: http://192.168.0.2:8501
